// Jest Snapshot v1, https://goo.gl/fbAQLP

exports[`Loader should match snapshot 1`] = `
<DocumentFragment>
  <div
    class="loader-container"
    data-testid="loader-container"
  >
    <div
      class="sun-loader"
      data-testid="sun-loader"
    />
  </div>
</DocumentFragment>
`;
