// Jest Snapshot v1, https://goo.gl/fbAQLP

exports[`NavBar matches snapshot 1`] = `
<DocumentFragment>
  <div
    class="nav-bar"
    data-testid="nav-bar"
  >
    <div>
      Logo
    </div>
    <div>
      SearchBar
    </div>
  </div>
</DocumentFragment>
`;
